error: test failed, to rerun pass `--test edge_tcp_stress`
